[backblue.gif]
[fade.gif]
[index.html]
[sisken-mpsp.mpsp.gov.my/bundles/modernizr0cf5]
[sisken-mpsp.mpsp.gov.my/bundles/jquery900b]
[sisken-mpsp.mpsp.gov.my/bundles/bootstrapf64a]
[maxcdn.bootstrapcdn.com/font-awesome/4.5.0/css/font-awesome.min.css]
[sisken-mpsp.mpsp.gov.my/Content/images/DSC_0332 (4).jpg]
[sisken-mpsp.mpsp.gov.my/Content/images/DSC_0237 (4).jpg]
[sisken-mpsp.mpsp.gov.my/Content/images/DSC_0198 (4).jpg]
[sisken-mpsp.mpsp.gov.my/Content/images/DSC_0425 (4).jpg]
[sisken-mpsp.mpsp.gov.my/index.html]
[sisken-mpsp.mpsp.gov.my/Content/DevSpikeStylefef2.css]
[sisken-mpsp.mpsp.gov.my/fonts/glyphicons-halflings-regular.eot]
[sisken-mpsp.mpsp.gov.my/fonts/glyphicons-halflings-regulard41d.eot]
[sisken-mpsp.mpsp.gov.my/fonts/glyphicons-halflings-regular.ttf]
[sisken-mpsp.mpsp.gov.my/Content/bootstrapd5eb.css]
[maxcdn.bootstrapcdn.com/font-awesome/4.5.0/fonts/fontawesome-webfont3295.eot]
[maxcdn.bootstrapcdn.com/font-awesome/4.5.0/fonts/fontawesome-webfont3295.woff]
[maxcdn.bootstrapcdn.com/font-awesome/4.5.0/fonts/fontawesome-webfontd41d.eot]
[maxcdn.bootstrapcdn.com/font-awesome/4.5.0/css/font-awesome.min.css]
[sisken-mpsp.mpsp.gov.my/index-2.html]
[maxcdn.bootstrapcdn.com/font-awesome/4.5.0/fonts/fontawesome-webfont3295.svg]
[sisken-mpsp.mpsp.gov.my/img/photo.html]
[sisken-mpsp.mpsp.gov.my/Content/images/ui-bg_inset-hard_100_fcfdfd_1x100.html]
[sisken-mpsp.mpsp.gov.my/Content/images/ui-bg_gloss-wave_75_2191c0_500x100.html]
[sisken-mpsp.mpsp.gov.my/Content/images/ui-bg_glass_45_0078ae_1x400.html]
[sisken-mpsp.mpsp.gov.my/Content/images/ui-bg_glass_75_79c9ec_1x400.html]
[sisken-mpsp.mpsp.gov.my/Content/images/ui-bg_gloss-wave_50_6eac2c_500x100.html]
[sisken-mpsp.mpsp.gov.my/Content/images/ui-bg_glass_55_f8da4e_1x400.html]
[sisken-mpsp.mpsp.gov.my/Content/images/ui-bg_gloss-wave_45_e14f1c_500x100.html]
[sisken-mpsp.mpsp.gov.my/Content/images/ui-icons_0078ae_256x240.html]
[sisken-mpsp.mpsp.gov.my/Content/images/ui-icons_d8e7f3_256x240.html]
[sisken-mpsp.mpsp.gov.my/Content/images/ui-icons_e0fdff_256x240.html]
[sisken-mpsp.mpsp.gov.my/Content/images/ui-icons_056b93_256x240.html]
[sisken-mpsp.mpsp.gov.my/Content/images/ui-icons_f5e175_256x240.html]
[sisken-mpsp.mpsp.gov.my/Content/images/ui-icons_f7a50d_256x240.html]
[sisken-mpsp.mpsp.gov.my/Content/images/ui-icons_fcd113_256x240.html]
[sisken-mpsp.mpsp.gov.my/Content/images/ui-bg_flat_75_aaaaaa_40x100.html]
[sisken-mpsp.mpsp.gov.my/Content/images/ui-bg_flat_55_999999_40x100.html]
[sisken-mpsp.mpsp.gov.my/fonts/glyphicons-halflings-regular.html]
[sisken-mpsp.mpsp.gov.my/fonts/glyphicons-halflings-regular-2.html]
[sisken-mpsp.mpsp.gov.my/fonts/glyphicons-halflings-regular.svg]
[maxcdn.bootstrapcdn.com/font-awesome/4.5.0/fonts/fontawesome-webfont3295.svg]
[maxcdn.bootstrapcdn.com/font-awesome/4.5.0/fonts/fontawesome-webfont3295.woff2]
[maxcdn.bootstrapcdn.com/font-awesome/4.5.0/fonts/fontawesome-webfont3295.ttf]
